// Jest Snapshot v1, https://goo.gl/fbAQLP

exports[`Login 1`] = `
<View
  onLayout={[Function]}
  style={
    Object {
      "alignItems": "center",
      "alignSelf": "stretch",
      "backgroundColor": "#6FDB88",
      "flex": 1,
      "justifyContent": "center",
    }
  }
>
  <View
    style={
      Object {
        "alignItems": "center",
        "backgroundColor": "#6FDB88",
        "flex": 1,
        "justifyContent": "center",
      }
    }
  >
    <Image
      source={
        Object {
          "testUri": "../../../images/FoodityWhite.png",
        }
      }
      style={
        Object {
          "height": 70,
          "marginBottom": 3,
          "width": 128,
        }
      }
    />
  </View>
  <View
    style={
      Object {
        "alignItems": "center",
        "backgroundColor": "#6FDB88",
        "borderBottomColor": "#585B5A",
        "borderBottomWidth": 1,
        "borderRadius": 10,
        "flexDirection": "row",
        "height": 40,
        "marginBottom": 20,
        "width": 250,
      }
    }
  >
    <TextInput
      allowFontScaling={true}
      keyboardType="email-address"
      onChangeText={[Function]}
      placeholder="Email"
      placeholderTextColor="#585B5A"
      style={
        Object {
          "borderBottomColor": "#FFFFFF",
          "flex": 1,
          "height": 45,
          "marginLeft": 16,
        }
      }
      underlineColorAndroid="transparent"
    />
  </View>
  <View
    style={
      Object {
        "alignItems": "center",
        "backgroundColor": "#6FDB88",
        "borderBottomColor": "#585B5A",
        "borderBottomWidth": 1,
        "borderRadius": 10,
        "flexDirection": "row",
        "height": 40,
        "marginBottom": 20,
        "width": 250,
      }
    }
  >
    <TextInput
      allowFontScaling={true}
      onChangeText={[Function]}
      placeholder="Password"
      placeholderTextColor="#585B5A"
      secureTextEntry={true}
      style={
        Object {
          "borderBottomColor": "#FFFFFF",
          "flex": 1,
          "height": 45,
          "marginLeft": 16,
        }
      }
      underlineColorAndroid="transparent"
    />
  </View>
  <View
    accessible={true}
    isTVSelectable={true}
    onResponderGrant={[Function]}
    onResponderMove={[Function]}
    onResponderRelease={[Function]}
    onResponderTerminate={[Function]}
    onResponderTerminationRequest={[Function]}
    onStartShouldSetResponder={[Function]}
    style={
      Array [
        Object {
          "alignItems": "center",
          "borderRadius": 30,
          "flexDirection": "row",
          "height": 45,
          "justifyContent": "center",
          "marginBottom": 20,
          "width": 250,
        },
        Object {
          "backgroundColor": "#5BB26F",
          "borderRadius": 10,
        },
      ]
    }
  >
    <Text
      style={
        Object {
          "color": "white",
        }
      }
    >
      Login
    </Text>
  </View>
  <View>
    <Text
      style={
        Object {
          "color": "black",
          "marginBottom": 20,
          "marginLeft": 40,
          "marginRight": 20,
        }
      }
    >
      Not Registered? Don't worry. You can Sign Up below.
    </Text>
  </View>
  <View
    style={
      Object {
        "alignItems": "center",
        "backgroundColor": "#6FDB88",
        "borderRadius": 30,
        "flexDirection": "row",
        "height": 45,
        "justifyContent": "center",
        "marginBottom": 20,
      }
    }
  >
    <View
      accessible={true}
      isTVSelectable={true}
      onResponderGrant={[Function]}
      onResponderMove={[Function]}
      onResponderRelease={[Function]}
      onResponderTerminate={[Function]}
      onResponderTerminationRequest={[Function]}
      onStartShouldSetResponder={[Function]}
      style={
        Array [
          Object {
            "alignItems": "center",
            "backgroundColor": "#5BB26F",
            "borderRadius": 10,
            "height": 40,
            "justifyContent": "center",
            "margin": 15,
            "width": "30%",
          },
        ]
      }
    >
      <Text
        style={
          Object {
            "color": "white",
          }
        }
      >
        Restaurant
      </Text>
    </View>
    <View
      accessible={true}
      isTVSelectable={true}
      onResponderGrant={[Function]}
      onResponderMove={[Function]}
      onResponderRelease={[Function]}
      onResponderTerminate={[Function]}
      onResponderTerminationRequest={[Function]}
      onStartShouldSetResponder={[Function]}
      style={
        Array [
          Object {
            "alignItems": "center",
            "backgroundColor": "#5BB26F",
            "borderRadius": 10,
            "height": 40,
            "justifyContent": "center",
            "margin": 15,
            "width": "30%",
          },
        ]
      }
    >
      <Text
        style={
          Object {
            "color": "white",
          }
        }
      >
        Charity
      </Text>
    </View>
  </View>
</View>
`;
